<html>
<body>
<pre>
<h1>礦ision Build Log</h1>
<h2>Project:</h2>
E:\资料\战舰STM32开发板资料（A盘）\4，程序源码\2，标准例程-V3.5库函数版本\2，标准例程-V3.5库函数版本\实验13 TFTLCD显示实验\USER\LCD.uvproj
Project File Date:  <unknown>

<h2>Output:</h2>
Build target 'Target 1'
compiling main.c...
compiling stm32f10x_it.c...
compiling system_stm32f10x.c...
compiling led.c...
compiling key.c...
compiling lcd.c...
compiling delay.c...
compiling sys.c...
compiling usart.c...
compiling core_cm3.c...
assembling startup_stm32f10x_hd.s...
compiling misc.c...
compiling stm32f10x_fsmc.c...
compiling stm32f10x_gpio.c...
compiling stm32f10x_rcc.c...
compiling stm32f10x_usart.c...
linking...
Program Size: Code=25794 RO-data=3054 RW-data=56 ZI-data=1848  
FromELF: creating hex file...
"..\OBJ\LCD.axf" - 0 Errors, 0 Warning(s).
Build target 'Target 1'
linking...
Program Size: Code=25794 RO-data=3054 RW-data=56 ZI-data=1848  
FromELF: creating hex file...
"..\OBJ\LCD.axf" - 0 Errors, 0 Warning(s).
Load "..\\OBJ\\LCD.axf" 
Load "..\\OBJ\\LCD.axf" 
Erase Done.
Programming Done.
Verify OK.
Build target 'Target 1'
compiling main.c...
compiling lcd.c...
linking...
Program Size: Code=25794 RO-data=3054 RW-data=56 ZI-data=1848  
FromELF: creating hex file...
"..\OBJ\LCD.axf" - 0 Errors, 0 Warning(s).
Load "..\\OBJ\\LCD.axf" 
Erase Done.
Programming Done.
Verify OK.
Build target 'Target 1'
compiling main.c...
main.c(42): warning:  #192-D: unrecognized character escape sequence
linking...
Program Size: Code=25798 RO-data=3054 RW-data=56 ZI-data=1848  
FromELF: creating hex file...
"..\OBJ\LCD.axf" - 0 Errors, 1 Warning(s).
Load "..\\OBJ\\LCD.axf" 
Erase Done.
Programming Done.
Verify OK.
Build target 'Target 1'
compiling main.c...
linking...
Program Size: Code=25794 RO-data=3054 RW-data=56 ZI-data=1848  
FromELF: creating hex file...
"..\OBJ\LCD.axf" - 0 Errors, 0 Warning(s).
Build target 'Target 1'
compiling main.c...
linking...
Program Size: Code=25794 RO-data=3054 RW-data=56 ZI-data=1848  
FromELF: creating hex file...
"..\OBJ\LCD.axf" - 0 Errors, 0 Warning(s).
Build target 'Target 1'
compiling main.c...
linking...
Program Size: Code=25798 RO-data=3054 RW-data=56 ZI-data=1848  
FromELF: creating hex file...
"..\OBJ\LCD.axf" - 0 Errors, 0 Warning(s).
Load "..\\OBJ\\LCD.axf" 
Erase Done.
Programming Done.
Verify OK.
Load "..\\OBJ\\LCD.axf" 
Erase Done.
Programming Done.
Verify OK.
Build target 'Target 1'
compiling main.c...
linking...
Program Size: Code=25794 RO-data=3054 RW-data=56 ZI-data=1848  
FromELF: creating hex file...
"..\OBJ\LCD.axf" - 0 Errors, 0 Warning(s).
Load "..\\OBJ\\LCD.axf" 
Erase Done.
Programming Done.
Verify OK.
Build target 'Target 1'
compiling main.c...
linking...
Program Size: Code=25794 RO-data=3054 RW-data=56 ZI-data=1848  
FromELF: creating hex file...
"..\OBJ\LCD.axf" - 0 Errors, 0 Warning(s).
Build target 'Target 1'
compiling main.c...
linking...
Program Size: Code=25794 RO-data=3054 RW-data=56 ZI-data=1848  
FromELF: creating hex file...
"..\OBJ\LCD.axf" - 0 Errors, 0 Warning(s).
Load "..\\OBJ\\LCD.axf" 
Erase Done.
Programming Done.
Verify OK.
Build target 'Target 1'
compiling main.c...
linking...
Program Size: Code=25794 RO-data=3054 RW-data=56 ZI-data=1848  
FromELF: creating hex file...
"..\OBJ\LCD.axf" - 0 Errors, 0 Warning(s).
Load "..\\OBJ\\LCD.axf" 
Erase Done.
Programming Done.
Verify OK.
Build target 'Target 1'
compiling main.c...
linking...
Program Size: Code=25794 RO-data=3054 RW-data=56 ZI-data=1848  
FromELF: creating hex file...
"..\OBJ\LCD.axf" - 0 Errors, 0 Warning(s).
Load "..\\OBJ\\LCD.axf" 
Erase Done.
Programming Done.
Verify OK.
Build target 'Target 1'
compiling main.c...
linking...
Program Size: Code=25794 RO-data=3054 RW-data=56 ZI-data=1848  
FromELF: creating hex file...
"..\OBJ\LCD.axf" - 0 Errors, 0 Warning(s).
Load "..\\OBJ\\LCD.axf" 
Erase Done.
Programming Done.
Verify OK.
