<html>
<body>
<pre>
<h1>礦ision Build Log</h1>
<h2>Project:</h2>
E:\资料\战舰STM32开发板资料（A盘）\4，程序源码\2，标准例程-V3.5库函数版本\2，标准例程-V3.5库函数版本\实验2 蜂鸣器实验\USER\BEEP.uvproj
Project File Date:  <unknown>

<h2>Output:</h2>
Build target 'Target 1'
compiling main.c...
compiling stm32f10x_it.c...
compiling system_stm32f10x.c...
compiling led.c...
compiling beep.c...
compiling delay.c...
compiling sys.c...
compiling usart.c...
compiling core_cm3.c...
assembling startup_stm32f10x_hd.s...
compiling misc.c...
compiling stm32f10x_gpio.c...
compiling stm32f10x_rcc.c...
compiling stm32f10x_usart.c...
linking...
Program Size: Code=4596 RO-data=336 RW-data=52 ZI-data=1836  
FromELF: creating hex file...
"..\OBJ\BEEP.axf" - 0 Errors, 0 Warning(s).
Build target 'Target 1'
linking...
Program Size: Code=4596 RO-data=336 RW-data=52 ZI-data=1836  
FromELF: creating hex file...
"..\OBJ\BEEP.axf" - 0 Errors, 0 Warning(s).
Load "..\\OBJ\\BEEP.axf" 
Erase Done.
Programming Done.
Verify OK.
